src/server/services/distube.service.ts(52,26): error TS2349: This expression is not callable.
  Type 'typeof import("D:/Download/discord-suite-bot/node_modules/youtube-dl-exec/src/index")' has no call signatures.
src/server/services/distube.service.ts(91,24): error TS2769: No overload matches this call.
  The last overload gave the following error.
    Argument of type 'typeof import("D:/Download/discord-suite-bot/node_modules/ffmpeg-static/types/index")' is not assignable to parameter of type 'string'.
src/server/services/distube.service.ts(106,10): error TS2339: Property 'on' does not exist on type 'never'.
  The intersection 'ChildProcessWithoutNullStreams & ChildProcessByStdio<Writable, Readable, Readable> & ... 7 more ... & ChildProcess' was reduced to 'never' because property 'stdin' has conflicting types in some constituents.
src/server/services/distube.service.ts(106,23): error TS7006: Parameter 'err' implicitly has an 'any' type.
src/server/services/distube.service.ts(110,17): error TS2339: Property 'stdout' does not exist on type 'never'.
  The intersection 'ChildProcessWithoutNullStreams & ChildProcessByStdio<Writable, Readable, Readable> & ... 7 more ... & ChildProcess' was reduced to 'never' because property 'stdin' has conflicting types in some constituents.
